// Jest Snapshot v1, https://goo.gl/fbAQLP

exports[`PlaceSearchResults should render correctly 1`] = `
Array [
  <div
    key="foo"
  >
    <label
      htmlFor="placeSearchResult-foo"
    >
      <input
        checked={false}
        id="placeSearchResult-foo"
        name="placeSearchResults"
        onChange={[Function]}
        type="radio"
        value="foo"
      />
      <a
        href="https://www.openstreetmap.org/way/123456"
        rel="noopener noreferrer"
        target="_blank"
      />
    </label>
  </div>,
  <div
    key="another"
  >
    <label
      htmlFor="placeSearchResult-another"
    >
      <input
        checked={false}
        id="placeSearchResult-another"
        name="placeSearchResults"
        onChange={[Function]}
        type="radio"
        value="another"
      />
      <a
        href="https://www.openstreetmap.org/way/123456"
        rel="noopener noreferrer"
        target="_blank"
      />
    </label>
  </div>,
]
`;
